// Jest Snapshot v1, https://goo.gl/fbAQLP

exports[`Country Details renders the app component correctly 1`] = `
<div
  className="table-wrapper"
>
  <div
    className="table-title"
  >
    <h3>
      Covid-19 Data -
       
      ALA Aland Islands
    </h3>
    <span>
      Last Update:
       
      Sun Apr 05 2020 06:37:00 GMT+0000 (Greenwich Mean Time)
    </span>
  </div>
  <table
    className="table-fill"
  >
    <thead>
      <tr>
        <th
          className="text-left"
        >
          Item
        </th>
        <th
          className="text-left"
        >
          Figures
        </th>
      </tr>
    </thead>
    <tbody
      className="table-hover"
    >
      <tr>
        <td
          className="text-left"
        >
          New Confirmed
        </td>
        <td
          className="text-left"
        >
          0
        </td>
      </tr>
      <tr>
        <td
          className="text-left"
        >
          Total Confirmed
        </td>
        <td
          className="text-left"
        >
          0
        </td>
      </tr>
      <tr>
        <td
          className="text-left"
        >
          New Deaths
        </td>
        <td
          className="text-left"
        >
          0
        </td>
      </tr>
      <tr>
        <td
          className="text-left"
        >
          Total Deaths
        </td>
        <td
          className="text-left"
        >
          0
        </td>
      </tr>
      <tr>
        <td
          className="text-left"
        >
          New Recovered
        </td>
        <td
          className="text-left"
        >
          0
        </td>
      </tr>
      <tr>
        <td
          className="text-left"
        >
          Total Recovered
        </td>
        <td
          className="text-left"
        >
          0
        </td>
      </tr>
    </tbody>
  </table>
  <a
    href="/"
    onClick={[Function]}
  >
    <button
      type="button"
    >
      Back
    </button>
  </a>
</div>
`;
