// Jest Snapshot v1, https://goo.gl/fbAQLP

exports[`Navbar component renders the nav brand in the page 1`] = `ShallowWrapper {}`;

exports[`Navbar component renders the nav in the page 1`] = `ShallowWrapper {}`;

exports[`Navbar component renders the navBrand in the page 1`] = `ShallowWrapper {}`;
